monitor:0x5: error inserting Whamm! probe whamm probe: incorrect function return arity
