func=0, pc=8: 100
func=0, pc=13: 101
func=0, pc=18: 102
