monitor:0x5: error inserting Whamm! probe whamm probe: static function threw exception
