monitor:0x10: error inserting Whamm! probe whamm probe: cannot use dynamic data in static context (local)
